Using pre-set license
Built from '2022.3/staging' branch; Version is '2022.3.21f1 (bf09ca542b87) revision 12519882'; Using compiler version '192829333'; Build Type 'Release'
OS: 'Windows 10  (10.0.19045) 64bit Professional' Language: 'ko' Physical Memory: 32607 MB
BatchMode: 1, IsHumanControllingUs: 0, StartBugReporterOnCrash: 0, Is64bit: 1, IsPro: 1

COMMAND LINE ARGUMENTS:
D:\ProgramFiles(x64)\UnityHub\2022.3.21f1\Editor\Unity.exe
-adb2
-batchMode
-noUpm
-name
AssetImportWorker11
-projectPath
D:/bsroom/Unity_Project/RandomDefence
-logFile
Logs/AssetImportWorker11.log
-srvPort
51377
Successfully changed project path to: D:/bsroom/Unity_Project/RandomDefence
D:/bsroom/Unity_Project/RandomDefence
[UnityMemory] Configuration Parameters - Can be set up in boot.config
    "memorysetup-bucket-allocator-granularity=16"
    "memorysetup-bucket-allocator-bucket-count=8"
    "memorysetup-bucket-allocator-block-size=33554432"
    "memorysetup-bucket-allocator-block-count=8"
    "memorysetup-main-allocator-block-size=16777216"
    "memorysetup-thread-allocator-block-size=16777216"
    "memorysetup-gfx-main-allocator-block-size=16777216"
    "memorysetup-gfx-thread-allocator-block-size=16777216"
    "memorysetup-cache-allocator-block-size=4194304"
    "memorysetup-typetree-allocator-block-size=2097152"
    "memorysetup-profiler-bucket-allocator-granularity=16"
    "memorysetup-profiler-bucket-allocator-bucket-count=8"
    "memorysetup-profiler-bucket-allocator-block-size=33554432"
    "memorysetup-profiler-bucket-allocator-block-count=8"
    "memorysetup-profiler-allocator-block-size=16777216"
    "memorysetup-profiler-editor-allocator-block-size=1048576"
    "memorysetup-temp-allocator-size-main=16777216"
    "memorysetup-job-temp-allocator-block-size=2097152"
    "memorysetup-job-temp-allocator-block-size-background=1048576"
    "memorysetup-job-temp-allocator-reduction-small-platforms=262144"
    "memorysetup-allocator-temp-initial-block-size-main=262144"
    "memorysetup-allocator-temp-initial-block-size-worker=262144"
    "memorysetup-temp-allocator-size-background-worker=32768"
    "memorysetup-temp-allocator-size-job-worker=262144"
    "memorysetup-temp-allocator-size-preload-manager=33554432"
    "memorysetup-temp-allocator-size-nav-mesh-worker=65536"
    "memorysetup-temp-allocator-size-audio-worker=65536"
    "memorysetup-temp-allocator-size-cloud-worker=32768"
    "memorysetup-temp-allocator-size-gi-baking-worker=262144"
    "memorysetup-temp-allocator-size-gfx=262144"
Player connection [19648] Host "[IP] 192.168.0.7 [Port] 0 [Flags] 2 [Guid] 4247246957 [EditorId] 4247246957 [Version] 1048832 [Id] WindowsEditor(7,DESKTOP-E68K21O) [Debug] 1 [PackageName] WindowsEditor [ProjectName] Editor" joined multi-casting on [225.0.0.222:54997]...

Player connection [19648] Host "[IP] 192.168.0.7 [Port] 0 [Flags] 2 [Guid] 4247246957 [EditorId] 4247246957 [Version] 1048832 [Id] WindowsEditor(7,DESKTOP-E68K21O) [Debug] 1 [PackageName] WindowsEditor [ProjectName] Editor" joined alternative multi-casting on [225.0.0.222:34997]...

[Physics::Module] Initialized MultithreadedJobDispatcher with 19 workers.
Refreshing native plugins compatible for Editor in 10.58 ms, found 3 plugins.
Preloading 0 native plugins for Editor in 0.00 ms.
Initialize engine version: 2022.3.21f1 (bf09ca542b87)
[Subsystems] Discovering subsystems at path D:/ProgramFiles(x64)/UnityHub/2022.3.21f1/Editor/Data/Resources/UnitySubsystems
[Subsystems] Discovering subsystems at path D:/bsroom/Unity_Project/RandomDefence/Assets
GfxDevice: creating device client; threaded=0; jobified=0
Direct3D:
    Version:  Direct3D 11.0 [level 11.1]
    Renderer: NVIDIA GeForce RTX 4060 Ti (ID=0x2803)
    Vendor:   NVIDIA
    VRAM:     7949 MB
    Driver:   32.0.15.5599
Initialize mono
Mono path[0] = 'D:/ProgramFiles(x64)/UnityHub/2022.3.21f1/Editor/Data/Managed'
Mono path[1] = 'D:/ProgramFiles(x64)/UnityHub/2022.3.21f1/Editor/Data/MonoBleedingEdge/lib/mono/unityjit-win32'
Mono config path = 'D:/ProgramFiles(x64)/UnityHub/2022.3.21f1/Editor/Data/MonoBleedingEdge/etc'
Using monoOptions --debugger-agent=transport=dt_socket,embedding=1,server=y,suspend=n,address=127.0.0.1:56792
Begin MonoManager ReloadAssembly
Registering precompiled unity dll's ...
Register platform support module: D:/ProgramFiles(x64)/UnityHub/2022.3.21f1/Editor/Data/PlaybackEngines/WebGLSupport/UnityEditor.WebGL.Extensions.dll
Register platform support module: D:/ProgramFiles(x64)/UnityHub/2022.3.21f1/Editor/Data/PlaybackEngines/WindowsStandaloneSupport/UnityEditor.WindowsStandalone.Extensions.dll
Registered in 0.006072 seconds.
- Loaded All Assemblies, in  0.400 seconds
Native extension for WindowsStandalone target not found
Native extension for WebGL target not found
Mono: successfully reloaded assembly
- Finished resetting the current domain, in  0.326 seconds
Domain Reload Profiling: 726ms
	BeginReloadAssembly (128ms)
		ExecutionOrderSort (0ms)
		DisableScriptedObjects (0ms)
		BackupInstance (0ms)
		ReleaseScriptingObjects (0ms)
		CreateAndSetChildDomain (1ms)
	RebuildCommonClasses (38ms)
	RebuildNativeTypeToScriptingClass (13ms)
	initialDomainReloadingComplete (64ms)
	LoadAllAssembliesAndSetupDomain (156ms)
		LoadAssemblies (127ms)
		RebuildTransferFunctionScriptingTraits (0ms)
		AnalyzeDomain (154ms)
			TypeCache.Refresh (152ms)
				TypeCache.ScanAssembly (138ms)
			ScanForSourceGeneratedMonoScriptInfo (1ms)
			ResolveRequiredComponents (1ms)
	FinalizeReload (327ms)
		ReleaseScriptCaches (0ms)
		RebuildScriptCaches (0ms)
		SetupLoadedEditorAssemblies (258ms)
			LogAssemblyErrors (0ms)
			InitializePlatformSupportModulesInManaged (10ms)
			SetLoadedEditorAssemblies (6ms)
			RefreshPlugins (0ms)
			BeforeProcessingInitializeOnLoad (3ms)
			ProcessInitializeOnLoadAttributes (182ms)
			ProcessInitializeOnLoadMethodAttributes (58ms)
			AfterProcessingInitializeOnLoad (0ms)
			EditorAssembliesLoaded (0ms)
		ExecutionOrderSort2 (0ms)
		AwakeInstancesAfterBackupRestoration (0ms)
========================================================================
Worker process is ready to serve import requests
Begin MonoManager ReloadAssembly
- Loaded All Assemblies, in  0.867 seconds
Refreshing native plugins compatible for Editor in 3.80 ms, found 3 plugins.
Native extension for WindowsStandalone target not found
Native extension for WebGL target not found
Package Manager log level set to [2]
[Package Manager] Server::EnsureServerProcessIsRunning -- launch failed, reason: Unity was launched with the -noUpm command-line argument
[Package Manager] UpmClient::Send -- Unable to send message (not connected to UPM process).
[Package Manager] Cannot connect to Unity Package Manager local server
Mono: successfully reloaded assembly
- Finished resetting the current domain, in  1.049 seconds
Domain Reload Profiling: 1915ms
	BeginReloadAssembly (152ms)
		ExecutionOrderSort (0ms)
		DisableScriptedObjects (7ms)
		BackupInstance (0ms)
		ReleaseScriptingObjects (0ms)
		CreateAndSetChildDomain (21ms)
	RebuildCommonClasses (37ms)
	RebuildNativeTypeToScriptingClass (13ms)
	initialDomainReloadingComplete (47ms)
	LoadAllAssembliesAndSetupDomain (617ms)
		LoadAssemblies (359ms)
		RebuildTransferFunctionScriptingTraits (0ms)
		AnalyzeDomain (340ms)
			TypeCache.Refresh (285ms)
				TypeCache.ScanAssembly (265ms)
			ScanForSourceGeneratedMonoScriptInfo (38ms)
			ResolveRequiredComponents (15ms)
	FinalizeReload (1049ms)
		ReleaseScriptCaches (0ms)
		RebuildScriptCaches (0ms)
		SetupLoadedEditorAssemblies (806ms)
			LogAssemblyErrors (0ms)
			InitializePlatformSupportModulesInManaged (7ms)
			SetLoadedEditorAssemblies (5ms)
			RefreshPlugins (0ms)
			BeforeProcessingInitializeOnLoad (89ms)
			ProcessInitializeOnLoadAttributes (467ms)
			ProcessInitializeOnLoadMethodAttributes (234ms)
			AfterProcessingInitializeOnLoad (3ms)
			EditorAssembliesLoaded (0ms)
		ExecutionOrderSort2 (0ms)
		AwakeInstancesAfterBackupRestoration (8ms)
Launched and connected shader compiler UnityShaderCompiler.exe after 0.05 seconds
Refreshing native plugins compatible for Editor in 3.78 ms, found 3 plugins.
Preloading 0 native plugins for Editor in 0.00 ms.
Unloading 6609 Unused Serialized files (Serialized files now loaded: 0)
Unloading 107 unused Assets / (3.6 MB). Loaded Objects now: 7096.
Memory consumption went from 318.7 MB to 315.1 MB.
Total: 4.649500 ms (FindLiveObjects: 0.797700 ms CreateObjectMapping: 0.220400 ms MarkObjects: 2.987900 ms  DeleteObjects: 0.642300 ms)

AssetImportParameters requested are different than current active one (requested -> active):
  custom:container-demuxer-ogg: 62fdf1f143b41e24485cea50d1cbac27 -> 
  custom:framework-win-MediaFoundation: 216162199b28c13a410421893ffa2e32 -> 
  custom:container-muxer-webm: aa71ff27fc2769a1b78a27578f13a17b -> 
  custom:video-decoder-webm-vp8: 9c59270c3fd7afecdb556c50c9e8de78 -> 
  custom:SearchIndexIgnoredProperties: e643bd26f0fe6173181afceb89e7c659 -> 
  custom:AudioImporter_EditorPlatform: d09bf68614088b80899f8185d706f6e7 -> 
  custom:audio-decoder-ogg-vorbis: bf7c407c2cedff20999df2af8eb42d56 -> 
  custom:audio-encoder-webm-vorbis: bf7c407c2cedff20999df2af8eb42d56 -> 
  custom:video-decoder-ogg-theora: a1e56fd34408186e4bbccfd4996cb3dc -> 
  custom:CustomObjectIndexerAttribute: 9a22284fe3817be447336de3de66b15e -> 
  custom:container-demuxer-webm: 4f35f7cbe854078d1ac9338744f61a02 -> 
  custom:video-encoder-webm-vp8: eb34c28f22e8b96e1ab97ce403110664 -> 
========================================================================
Received Import Request.
  Time since last request: 24697.805346 seconds.
  path: Assets/Resources/Effect/Model/Arrow_VFX.vfx
  artifactKey: Guid(2c7b1d70bf436664ba4640ad18b6261c) Importer(815301076,1909f56bfc062723c751e8b465ee728b)
Start importing Assets/Resources/Effect/Model/Arrow_VFX.vfx using Guid(2c7b1d70bf436664ba4640ad18b6261c) Importer(815301076,1909f56bfc062723c751e8b465ee728b)  -> (artifact id: '903c63671a03f098d63c7d3be359ed34') in 0.033422 seconds
Number of updated asset objects reloaded before import = 2
Number of asset objects unloaded after import = 8
========================================================================
Received Import Request.
  Time since last request: 4.650105 seconds.
  path: Assets/Resources/Effect/Model/Arrow_VFX.vfx
  artifactKey: Guid(2c7b1d70bf436664ba4640ad18b6261c) Importer(815301076,1909f56bfc062723c751e8b465ee728b)
Start importing Assets/Resources/Effect/Model/Arrow_VFX.vfx using Guid(2c7b1d70bf436664ba4640ad18b6261c) Importer(815301076,1909f56bfc062723c751e8b465ee728b)  -> (artifact id: 'b32ba27f917616c604803b1072d7f9f4') in 0.003700 seconds
Number of updated asset objects reloaded before import = 2
Number of asset objects unloaded after import = 8
========================================================================
Received Import Request.
  Time since last request: 8.094404 seconds.
  path: Assets/Resources/Effect/Model/Arrow_VFX.vfx
  artifactKey: Guid(2c7b1d70bf436664ba4640ad18b6261c) Importer(815301076,1909f56bfc062723c751e8b465ee728b)
Start importing Assets/Resources/Effect/Model/Arrow_VFX.vfx using Guid(2c7b1d70bf436664ba4640ad18b6261c) Importer(815301076,1909f56bfc062723c751e8b465ee728b)  -> (artifact id: 'ab6b50254388ff87225d9284932c2016') in 0.003834 seconds
Number of updated asset objects reloaded before import = 2
Number of asset objects unloaded after import = 8
========================================================================
Received Import Request.
  Time since last request: 18.762121 seconds.
  path: Assets/Resources/Effect/Model/Arrow_VFX.vfx
  artifactKey: Guid(2c7b1d70bf436664ba4640ad18b6261c) Importer(815301076,1909f56bfc062723c751e8b465ee728b)
Start importing Assets/Resources/Effect/Model/Arrow_VFX.vfx using Guid(2c7b1d70bf436664ba4640ad18b6261c) Importer(815301076,1909f56bfc062723c751e8b465ee728b)  -> (artifact id: 'd844daec4b63077612351ae75b65d2c8') in 0.003786 seconds
Number of updated asset objects reloaded before import = 2
Number of asset objects unloaded after import = 8
========================================================================
Received Import Request.
  Time since last request: 20.473678 seconds.
  path: Assets/Resources/Effect/Model/Arrow_VFX.vfx
  artifactKey: Guid(2c7b1d70bf436664ba4640ad18b6261c) Importer(815301076,1909f56bfc062723c751e8b465ee728b)
Start importing Assets/Resources/Effect/Model/Arrow_VFX.vfx using Guid(2c7b1d70bf436664ba4640ad18b6261c) Importer(815301076,1909f56bfc062723c751e8b465ee728b)  -> (artifact id: '7483983800937337864eaaaa8187013a') in 0.004395 seconds
Number of updated asset objects reloaded before import = 2
Number of asset objects unloaded after import = 8
========================================================================
Received Import Request.
  Time since last request: 14.251509 seconds.
  path: Assets/Resources/Effect/Model/Arrow_VFX.vfx
  artifactKey: Guid(2c7b1d70bf436664ba4640ad18b6261c) Importer(815301076,1909f56bfc062723c751e8b465ee728b)
Start importing Assets/Resources/Effect/Model/Arrow_VFX.vfx using Guid(2c7b1d70bf436664ba4640ad18b6261c) Importer(815301076,1909f56bfc062723c751e8b465ee728b)  -> (artifact id: 'dbb5e9844b6255aa93b4cdbb2da4b480') in 0.003925 seconds
Number of updated asset objects reloaded before import = 2
Number of asset objects unloaded after import = 8
========================================================================
Received Import Request.
  Time since last request: 27.985753 seconds.
  path: Assets/Resources/Effect/Model/Arrow_VFX.vfx
  artifactKey: Guid(2c7b1d70bf436664ba4640ad18b6261c) Importer(815301076,1909f56bfc062723c751e8b465ee728b)
Start importing Assets/Resources/Effect/Model/Arrow_VFX.vfx using Guid(2c7b1d70bf436664ba4640ad18b6261c) Importer(815301076,1909f56bfc062723c751e8b465ee728b)  -> (artifact id: '45f66996b5761a9454954febd1c7c04d') in 0.003824 seconds
Number of updated asset objects reloaded before import = 2
Number of asset objects unloaded after import = 8
========================================================================
Received Import Request.
  Time since last request: 10.787732 seconds.
  path: Assets/Resources/Effect/Model/Arrow_VFX.vfx
  artifactKey: Guid(2c7b1d70bf436664ba4640ad18b6261c) Importer(815301076,1909f56bfc062723c751e8b465ee728b)
Start importing Assets/Resources/Effect/Model/Arrow_VFX.vfx using Guid(2c7b1d70bf436664ba4640ad18b6261c) Importer(815301076,1909f56bfc062723c751e8b465ee728b)  -> (artifact id: '1688d1fd90e82786176d7a8ad5aef155') in 0.003699 seconds
Number of updated asset objects reloaded before import = 2
Number of asset objects unloaded after import = 8
========================================================================
Received Import Request.
  Time since last request: 26.082710 seconds.
  path: Assets/Resources/Effect/Model/Arrow_VFX.vfx
  artifactKey: Guid(2c7b1d70bf436664ba4640ad18b6261c) Importer(815301076,1909f56bfc062723c751e8b465ee728b)
Start importing Assets/Resources/Effect/Model/Arrow_VFX.vfx using Guid(2c7b1d70bf436664ba4640ad18b6261c) Importer(815301076,1909f56bfc062723c751e8b465ee728b)  -> (artifact id: '8b004d4bca1e661f12616f85be58f887') in 0.003784 seconds
Number of updated asset objects reloaded before import = 2
Number of asset objects unloaded after import = 8
========================================================================
Received Import Request.
  Time since last request: 3.848486 seconds.
  path: Assets/Resources/Effect/Model/Arrow_VFX.vfx
  artifactKey: Guid(2c7b1d70bf436664ba4640ad18b6261c) Importer(815301076,1909f56bfc062723c751e8b465ee728b)
Start importing Assets/Resources/Effect/Model/Arrow_VFX.vfx using Guid(2c7b1d70bf436664ba4640ad18b6261c) Importer(815301076,1909f56bfc062723c751e8b465ee728b)  -> (artifact id: 'b0c474891daa4fbf2dada4648e602336') in 0.003721 seconds
Number of updated asset objects reloaded before import = 2
Number of asset objects unloaded after import = 8
========================================================================
Received Import Request.
  Time since last request: 27.725018 seconds.
  path: Assets/Resources/Effect/Model/Arrow_VFX.vfx
  artifactKey: Guid(2c7b1d70bf436664ba4640ad18b6261c) Importer(815301076,1909f56bfc062723c751e8b465ee728b)
Start importing Assets/Resources/Effect/Model/Arrow_VFX.vfx using Guid(2c7b1d70bf436664ba4640ad18b6261c) Importer(815301076,1909f56bfc062723c751e8b465ee728b)  -> (artifact id: '5cee5c1a75fd88fea61c908a396788bd') in 0.003738 seconds
Number of updated asset objects reloaded before import = 2
Number of asset objects unloaded after import = 8
========================================================================
Received Import Request.
  Time since last request: 77.407136 seconds.
  path: Assets/Resources/Effect/Model/Arrow_VFX.vfx
  artifactKey: Guid(2c7b1d70bf436664ba4640ad18b6261c) Importer(815301076,1909f56bfc062723c751e8b465ee728b)
Start importing Assets/Resources/Effect/Model/Arrow_VFX.vfx using Guid(2c7b1d70bf436664ba4640ad18b6261c) Importer(815301076,1909f56bfc062723c751e8b465ee728b)  -> (artifact id: 'bafbb981418438f113766ae09c745631') in 0.003848 seconds
Number of updated asset objects reloaded before import = 2
Number of asset objects unloaded after import = 8
========================================================================
Received Import Request.
  Time since last request: 12.156738 seconds.
  path: Assets/Resources/Effect/Model/Arrow_VFX.vfx
  artifactKey: Guid(2c7b1d70bf436664ba4640ad18b6261c) Importer(815301076,1909f56bfc062723c751e8b465ee728b)
Start importing Assets/Resources/Effect/Model/Arrow_VFX.vfx using Guid(2c7b1d70bf436664ba4640ad18b6261c) Importer(815301076,1909f56bfc062723c751e8b465ee728b)  -> (artifact id: 'b143cfce037621cc73a0fe360cac5522') in 0.003847 seconds
Number of updated asset objects reloaded before import = 2
Number of asset objects unloaded after import = 8
========================================================================
Received Import Request.
  Time since last request: 21.740198 seconds.
  path: Assets/Resources/Effect/Model/Arrow_VFX.vfx
  artifactKey: Guid(2c7b1d70bf436664ba4640ad18b6261c) Importer(815301076,1909f56bfc062723c751e8b465ee728b)
Start importing Assets/Resources/Effect/Model/Arrow_VFX.vfx using Guid(2c7b1d70bf436664ba4640ad18b6261c) Importer(815301076,1909f56bfc062723c751e8b465ee728b)  -> (artifact id: 'd69222952258cdc45403737589c221a8') in 0.003874 seconds
Number of updated asset objects reloaded before import = 2
Number of asset objects unloaded after import = 8
========================================================================
Received Import Request.
  Time since last request: 174.100055 seconds.
  path: Assets/Resources/Effect/Model/Arrow_VFX.vfx
  artifactKey: Guid(2c7b1d70bf436664ba4640ad18b6261c) Importer(815301076,1909f56bfc062723c751e8b465ee728b)
Start importing Assets/Resources/Effect/Model/Arrow_VFX.vfx using Guid(2c7b1d70bf436664ba4640ad18b6261c) Importer(815301076,1909f56bfc062723c751e8b465ee728b)  -> (artifact id: 'bcb7ed68ba0a36d1e52a1945b9125947') in 0.004295 seconds
Number of updated asset objects reloaded before import = 2
Number of asset objects unloaded after import = 8
========================================================================
Received Import Request.
  Time since last request: 3.974723 seconds.
  path: Assets/Resources/Effect/Model/Arrow_VFX.vfx
  artifactKey: Guid(2c7b1d70bf436664ba4640ad18b6261c) Importer(815301076,1909f56bfc062723c751e8b465ee728b)
Start importing Assets/Resources/Effect/Model/Arrow_VFX.vfx using Guid(2c7b1d70bf436664ba4640ad18b6261c) Importer(815301076,1909f56bfc062723c751e8b465ee728b)  -> (artifact id: 'abf20eefdb46a13b3506cfa522a6f857') in 0.003817 seconds
Number of updated asset objects reloaded before import = 2
Number of asset objects unloaded after import = 8
========================================================================
Received Import Request.
  Time since last request: 24.516894 seconds.
  path: Assets/Resources/Effect/Model/Arrow_VFX.vfx
  artifactKey: Guid(2c7b1d70bf436664ba4640ad18b6261c) Importer(815301076,1909f56bfc062723c751e8b465ee728b)
Start importing Assets/Resources/Effect/Model/Arrow_VFX.vfx using Guid(2c7b1d70bf436664ba4640ad18b6261c) Importer(815301076,1909f56bfc062723c751e8b465ee728b)  -> (artifact id: '15e226850f216c204d2239f364d44557') in 0.003841 seconds
Number of updated asset objects reloaded before import = 2
Number of asset objects unloaded after import = 8
========================================================================
Received Import Request.
  Time since last request: 288.339379 seconds.
  path: Assets/Resources/Effect/Model/Cloud03_8x8.exr
  artifactKey: Guid(8e9af7ffed18ca64da66586cefd26858) Importer(815301076,1909f56bfc062723c751e8b465ee728b)
Start importing Assets/Resources/Effect/Model/Cloud03_8x8.exr using Guid(8e9af7ffed18ca64da66586cefd26858) Importer(815301076,1909f56bfc062723c751e8b465ee728b)  -> (artifact id: 'bb08717db817a1e85f9acab3b3df41fa') in 0.052639 seconds
Number of updated asset objects reloaded before import = 0
Number of asset objects unloaded after import = 2
========================================================================
Received Import Request.
  Time since last request: 28.026887 seconds.
  path: Assets/Resources/Effect/Model/Cloud03_8x8.exr
  artifactKey: Guid(8e9af7ffed18ca64da66586cefd26858) Importer(815301076,1909f56bfc062723c751e8b465ee728b)
Start importing Assets/Resources/Effect/Model/Cloud03_8x8.exr using Guid(8e9af7ffed18ca64da66586cefd26858) Importer(815301076,1909f56bfc062723c751e8b465ee728b)  -> (artifact id: 'de4826ff6e45f92f8a15e01852b70c17') in 0.051878 seconds
Number of updated asset objects reloaded before import = 0
Number of asset objects unloaded after import = 3
========================================================================
Received Import Request.
  Time since last request: 51.961559 seconds.
  path: Packages/com.unity.render-pipelines.core/Editor/Lighting/Icons/LightUnitIcons/d_CloudySky.png
  artifactKey: Guid(0c24a3ead3381ee4cb4574c5be266d87) Importer(815301076,1909f56bfc062723c751e8b465ee728b)
Start importing Packages/com.unity.render-pipelines.core/Editor/Lighting/Icons/LightUnitIcons/d_CloudySky.png using Guid(0c24a3ead3381ee4cb4574c5be266d87) Importer(815301076,1909f56bfc062723c751e8b465ee728b)  -> (artifact id: 'f9adc13d244ec8ce59ac1a30188252fe') in 0.011251 seconds
Number of updated asset objects reloaded before import = 2
Number of asset objects unloaded after import = 2
========================================================================
Received Import Request.
  Time since last request: 2.996148 seconds.
  path: Packages/com.unity.shadergraph/Editor/Resources/Icons/sg_graph_icon_gray_light.png
  artifactKey: Guid(7d62654fc399cc349a1ed7e0eab44ff0) Importer(815301076,1909f56bfc062723c751e8b465ee728b)
Start importing Packages/com.unity.shadergraph/Editor/Resources/Icons/sg_graph_icon_gray_light.png using Guid(7d62654fc399cc349a1ed7e0eab44ff0) Importer(815301076,1909f56bfc062723c751e8b465ee728b)  -> (artifact id: '14f4c978b25984d1bcb727422d616120') in 0.011576 seconds
Number of updated asset objects reloaded before import = 0
Number of asset objects unloaded after import = 2
========================================================================
Received Import Request.
  Time since last request: 0.000018 seconds.
  path: Packages/com.unity.shadergraph/Editor/Resources/Icons/sg_subgraph_icon_gray_light.png
  artifactKey: Guid(82b6560ff26e58d48aa33e2869ad14e4) Importer(815301076,1909f56bfc062723c751e8b465ee728b)
Start importing Packages/com.unity.shadergraph/Editor/Resources/Icons/sg_subgraph_icon_gray_light.png using Guid(82b6560ff26e58d48aa33e2869ad14e4) Importer(815301076,1909f56bfc062723c751e8b465ee728b)  -> (artifact id: '6e89add579d5ff8d744c5da1b432c439') in 0.005318 seconds
Number of updated asset objects reloaded before import = 0
Number of asset objects unloaded after import = 2
========================================================================
Received Import Request.
  Time since last request: 28.534209 seconds.
  path: Assets/Resources/Effect/Model/Cloud03_8x8.exr
  artifactKey: Guid(8e9af7ffed18ca64da66586cefd26858) Importer(815301076,1909f56bfc062723c751e8b465ee728b)
Start importing Assets/Resources/Effect/Model/Cloud03_8x8.exr using Guid(8e9af7ffed18ca64da66586cefd26858) Importer(815301076,1909f56bfc062723c751e8b465ee728b)  -> (artifact id: '518c51f129407ec540f3adb3e6864c38') in 0.013184 seconds
Number of updated asset objects reloaded before import = 2
Number of asset objects unloaded after import = 2
========================================================================
Received Import Request.
  Time since last request: 149.815136 seconds.
  path: Assets/Resources/Effect/Model/Cloud03_8x8.exr
  artifactKey: Guid(8e9af7ffed18ca64da66586cefd26858) Importer(815301076,1909f56bfc062723c751e8b465ee728b)
Start importing Assets/Resources/Effect/Model/Cloud03_8x8.exr using Guid(8e9af7ffed18ca64da66586cefd26858) Importer(815301076,1909f56bfc062723c751e8b465ee728b)  -> (artifact id: 'f85e2be7775bcfa1a062ef5beeeb9dc9') in 0.016267 seconds
Number of updated asset objects reloaded before import = 2
Number of asset objects unloaded after import = 3
========================================================================
Received Import Request.
  Time since last request: 181.295200 seconds.
  path: Assets/Resources/Effect/Model/Cloud03_8x8.png
  artifactKey: Guid(6c05af58efc537e44a822d3cd6746185) Importer(815301076,1909f56bfc062723c751e8b465ee728b)
Start importing Assets/Resources/Effect/Model/Cloud03_8x8.png using Guid(6c05af58efc537e44a822d3cd6746185) Importer(815301076,1909f56bfc062723c751e8b465ee728b)  -> (artifact id: '5453f02e84519473051fd11c488de3cb') in 0.013962 seconds
Number of updated asset objects reloaded before import = 0
Number of asset objects unloaded after import = 2
========================================================================
Received Import Request.
  Time since last request: 50.540303 seconds.
  path: Assets/Resources/Effect/Model/Arrow_VFX.vfx
  artifactKey: Guid(2c7b1d70bf436664ba4640ad18b6261c) Importer(815301076,1909f56bfc062723c751e8b465ee728b)
Start importing Assets/Resources/Effect/Model/Arrow_VFX.vfx using Guid(2c7b1d70bf436664ba4640ad18b6261c) Importer(815301076,1909f56bfc062723c751e8b465ee728b)  -> (artifact id: '3c17a556734dc58c10151f1744b7b8a0') in 0.005403 seconds
Number of updated asset objects reloaded before import = 2
Number of asset objects unloaded after import = 13
========================================================================
Received Import Request.
  Time since last request: 184.568735 seconds.
  path: Assets/Resources/Effect/Model/Arrow_VFX.vfx
  artifactKey: Guid(2c7b1d70bf436664ba4640ad18b6261c) Importer(815301076,1909f56bfc062723c751e8b465ee728b)
Start importing Assets/Resources/Effect/Model/Arrow_VFX.vfx using Guid(2c7b1d70bf436664ba4640ad18b6261c) Importer(815301076,1909f56bfc062723c751e8b465ee728b)  -> (artifact id: 'be0f611cee3312f02e731ccfb9c2be1e') in 0.005680 seconds
Number of updated asset objects reloaded before import = 2
Number of asset objects unloaded after import = 13
========================================================================
Received Import Request.
  Time since last request: 27.494736 seconds.
  path: Assets/Resources/Effect/Model/Arrow_VFX.vfx
  artifactKey: Guid(2c7b1d70bf436664ba4640ad18b6261c) Importer(815301076,1909f56bfc062723c751e8b465ee728b)
Start importing Assets/Resources/Effect/Model/Arrow_VFX.vfx using Guid(2c7b1d70bf436664ba4640ad18b6261c) Importer(815301076,1909f56bfc062723c751e8b465ee728b)  -> (artifact id: '897df4232b6a6951a6ebd50b2cab3096') in 0.005405 seconds
Number of updated asset objects reloaded before import = 2
Number of asset objects unloaded after import = 13
========================================================================
Received Import Request.
  Time since last request: 40.185035 seconds.
  path: Assets/Resources/Effect/Model/Arrow_VFX.vfx
  artifactKey: Guid(2c7b1d70bf436664ba4640ad18b6261c) Importer(815301076,1909f56bfc062723c751e8b465ee728b)
Start importing Assets/Resources/Effect/Model/Arrow_VFX.vfx using Guid(2c7b1d70bf436664ba4640ad18b6261c) Importer(815301076,1909f56bfc062723c751e8b465ee728b)  -> (artifact id: '8cf6924680b0550b02f47ae9b062326c') in 0.005268 seconds
Number of updated asset objects reloaded before import = 2
Number of asset objects unloaded after import = 13
========================================================================
Received Import Request.
  Time since last request: 41.899913 seconds.
  path: Assets/Resources/Effect/Model/Arrow_VFX.vfx
  artifactKey: Guid(2c7b1d70bf436664ba4640ad18b6261c) Importer(815301076,1909f56bfc062723c751e8b465ee728b)
Start importing Assets/Resources/Effect/Model/Arrow_VFX.vfx using Guid(2c7b1d70bf436664ba4640ad18b6261c) Importer(815301076,1909f56bfc062723c751e8b465ee728b)  -> (artifact id: '85a4709f87a0ca0cf1c3bfe29807ecf0') in 0.005245 seconds
Number of updated asset objects reloaded before import = 2
Number of asset objects unloaded after import = 12
========================================================================
Received Import Request.
  Time since last request: 17.189631 seconds.
  path: Assets/Resources/Effect/Model/Arrow_VFX.vfx
  artifactKey: Guid(2c7b1d70bf436664ba4640ad18b6261c) Importer(815301076,1909f56bfc062723c751e8b465ee728b)
Start importing Assets/Resources/Effect/Model/Arrow_VFX.vfx using Guid(2c7b1d70bf436664ba4640ad18b6261c) Importer(815301076,1909f56bfc062723c751e8b465ee728b)  -> (artifact id: '1e743e5e4990150b4de826e03b08070e') in 0.005226 seconds
Number of updated asset objects reloaded before import = 2
Number of asset objects unloaded after import = 12
========================================================================
Received Import Request.
  Time since last request: 89.278024 seconds.
  path: Assets/Resources/Effect/Model/Arrow_VFX.vfx
  artifactKey: Guid(2c7b1d70bf436664ba4640ad18b6261c) Importer(815301076,1909f56bfc062723c751e8b465ee728b)
Start importing Assets/Resources/Effect/Model/Arrow_VFX.vfx using Guid(2c7b1d70bf436664ba4640ad18b6261c) Importer(815301076,1909f56bfc062723c751e8b465ee728b)  -> (artifact id: '52471c738fd41fae5662da42b1c7a61e') in 0.005046 seconds
Number of updated asset objects reloaded before import = 2
Number of asset objects unloaded after import = 12
========================================================================
Received Import Request.
  Time since last request: 9.584106 seconds.
  path: Assets/Resources/Effect/Model/Arrow_VFX.vfx
  artifactKey: Guid(2c7b1d70bf436664ba4640ad18b6261c) Importer(815301076,1909f56bfc062723c751e8b465ee728b)
Start importing Assets/Resources/Effect/Model/Arrow_VFX.vfx using Guid(2c7b1d70bf436664ba4640ad18b6261c) Importer(815301076,1909f56bfc062723c751e8b465ee728b)  -> (artifact id: '297652c4c70b9d09d029e7cb6d997ad0') in 0.005156 seconds
Number of updated asset objects reloaded before import = 2
Number of asset objects unloaded after import = 12
========================================================================
Received Import Request.
  Time since last request: 61.420947 seconds.
  path: Assets/Resources/Effect/Model/Arrow_VFX.vfx
  artifactKey: Guid(2c7b1d70bf436664ba4640ad18b6261c) Importer(815301076,1909f56bfc062723c751e8b465ee728b)
Start importing Assets/Resources/Effect/Model/Arrow_VFX.vfx using Guid(2c7b1d70bf436664ba4640ad18b6261c) Importer(815301076,1909f56bfc062723c751e8b465ee728b)  -> (artifact id: '9983d44be31fbb5322e95e0bd05f9fdd') in 0.005026 seconds
Number of updated asset objects reloaded before import = 2
Number of asset objects unloaded after import = 12
========================================================================
Received Import Request.
  Time since last request: 18.915779 seconds.
  path: Assets/Resources/Effect/Model/Arrow_VFX.vfx
  artifactKey: Guid(2c7b1d70bf436664ba4640ad18b6261c) Importer(815301076,1909f56bfc062723c751e8b465ee728b)
Start importing Assets/Resources/Effect/Model/Arrow_VFX.vfx using Guid(2c7b1d70bf436664ba4640ad18b6261c) Importer(815301076,1909f56bfc062723c751e8b465ee728b)  -> (artifact id: 'a20d6576936b700374535b2fffda4a9d') in 0.005107 seconds
Number of updated asset objects reloaded before import = 2
Number of asset objects unloaded after import = 12
========================================================================
Received Import Request.
  Time since last request: 43.017919 seconds.
  path: Assets/Resources/Effect/Model/Arrow_VFX.vfx
  artifactKey: Guid(2c7b1d70bf436664ba4640ad18b6261c) Importer(815301076,1909f56bfc062723c751e8b465ee728b)
Start importing Assets/Resources/Effect/Model/Arrow_VFX.vfx using Guid(2c7b1d70bf436664ba4640ad18b6261c) Importer(815301076,1909f56bfc062723c751e8b465ee728b)  -> (artifact id: '1e85d3f0f21bf7bbcb94aa29418849ea') in 0.005561 seconds
Number of updated asset objects reloaded before import = 2
Number of asset objects unloaded after import = 12
========================================================================
Received Import Request.
  Time since last request: 4.829514 seconds.
  path: Assets/Resources/Effect/Model/Arrow_VFX.vfx
  artifactKey: Guid(2c7b1d70bf436664ba4640ad18b6261c) Importer(815301076,1909f56bfc062723c751e8b465ee728b)
Start importing Assets/Resources/Effect/Model/Arrow_VFX.vfx using Guid(2c7b1d70bf436664ba4640ad18b6261c) Importer(815301076,1909f56bfc062723c751e8b465ee728b)  -> (artifact id: 'ec20b35ec2c709e247dea88f60d51e8d') in 0.005124 seconds
Number of updated asset objects reloaded before import = 2
Number of asset objects unloaded after import = 12
========================================================================
Received Import Request.
  Time since last request: 19.260226 seconds.
  path: Assets/Resources/Effect/Model/Arrow_VFX.vfx
  artifactKey: Guid(2c7b1d70bf436664ba4640ad18b6261c) Importer(815301076,1909f56bfc062723c751e8b465ee728b)
Start importing Assets/Resources/Effect/Model/Arrow_VFX.vfx using Guid(2c7b1d70bf436664ba4640ad18b6261c) Importer(815301076,1909f56bfc062723c751e8b465ee728b)  -> (artifact id: '37b6e1736c9cfa9483730871474ee927') in 0.005077 seconds
Number of updated asset objects reloaded before import = 2
Number of asset objects unloaded after import = 12
========================================================================
Received Import Request.
  Time since last request: 46.256050 seconds.
  path: Assets/Resources/Effect/Model/Arrow_VFX.vfx
  artifactKey: Guid(2c7b1d70bf436664ba4640ad18b6261c) Importer(815301076,1909f56bfc062723c751e8b465ee728b)
Start importing Assets/Resources/Effect/Model/Arrow_VFX.vfx using Guid(2c7b1d70bf436664ba4640ad18b6261c) Importer(815301076,1909f56bfc062723c751e8b465ee728b)  -> (artifact id: '4b89b8a88f87fcc8f20b0b467dce6066') in 0.004804 seconds
Number of updated asset objects reloaded before import = 2
Number of asset objects unloaded after import = 12
========================================================================
Received Import Request.
  Time since last request: 1.310337 seconds.
  path: Assets/Resources/Effect/Model/Arrow_VFX.vfx
  artifactKey: Guid(2c7b1d70bf436664ba4640ad18b6261c) Importer(815301076,1909f56bfc062723c751e8b465ee728b)
Start importing Assets/Resources/Effect/Model/Arrow_VFX.vfx using Guid(2c7b1d70bf436664ba4640ad18b6261c) Importer(815301076,1909f56bfc062723c751e8b465ee728b)  -> (artifact id: '948b94584399c8969b6d2cfb853d121c') in 0.005041 seconds
Number of updated asset objects reloaded before import = 2
Number of asset objects unloaded after import = 12
========================================================================
Received Import Request.
  Time since last request: 22.074255 seconds.
  path: Assets/Resources/Effect/Model/Arrow_VFX.vfx
  artifactKey: Guid(2c7b1d70bf436664ba4640ad18b6261c) Importer(815301076,1909f56bfc062723c751e8b465ee728b)
Start importing Assets/Resources/Effect/Model/Arrow_VFX.vfx using Guid(2c7b1d70bf436664ba4640ad18b6261c) Importer(815301076,1909f56bfc062723c751e8b465ee728b)  -> (artifact id: 'd7a04d4f8327b2a14334abb97719ed6f') in 0.005947 seconds
Number of updated asset objects reloaded before import = 2
Number of asset objects unloaded after import = 12
